[    0.000000] Initializing cgroup subsys cpuset
[    0.000000] Initializing cgroup subsys cpu
[    0.000000] Initializing cgroup subsys cpuacct
[    0.000000] Linux version 4.4.0-92-generic (buildd@lcy01-17) (gcc version 5.4.0 20160609 (Ubuntu 5.4.0-6ubuntu1~16.04.4) ) #115-Ubuntu SMP Thu Aug 10 09:04:33 UTC 2017 (Ubuntu 4.4.0-92.115-generic 4.4.76)
[    0.000000] Command line: BOOT_IMAGE=/boot/vmlinuz-4.4.0-92-generic root=LABEL=cloudimg-rootfs ro console=tty1 console=ttyS0
[    0.000000] KERNEL supported cpus:
[    0.000000]   Intel GenuineIntel
[    0.000000]   AMD AuthenticAMD
[    0.000000]   Centaur CentaurHauls
[    0.000000] x86/fpu: xstate_offset[2]:  576, xstate_sizes[2]:  256
[    0.000000] x86/fpu: Supporting XSAVE feature 0x01: 'x87 floating point registers'
[    0.000000] x86/fpu: Supporting XSAVE feature 0x02: 'SSE registers'
[    0.000000] x86/fpu: Supporting XSAVE feature 0x04: 'AVX registers'
[    0.000000] x86/fpu: Enabled xstate features 0x7, context size is 832 bytes, using 'standard' format.
[    0.000000] x86/fpu: Using 'lazy' FPU context switches.
[    0.000000] e820: BIOS-provided physical RAM map:
[    0.000000] BIOS-e820: [mem 0x0000000000000000-0x000000000009fbff] usable
[    0.000000] BIOS-e820: [mem 0x000000000009fc00-0x000000000009ffff] reserved
[    0.000000] BIOS-e820: [mem 0x00000000000f0000-0x00000000000fffff] reserved
[    0.000000] BIOS-e820: [mem 0x0000000000100000-0x00000000dffeffff] usable
[    0.000000] BIOS-e820: [mem 0x00000000dfff0000-0x00000000dfffffff] ACPI data
[    0.000000] BIOS-e820: [mem 0x00000000fec00000-0x00000000fec00fff] reserved
[    0.000000] BIOS-e820: [mem 0x00000000fee00000-0x00000000fee00fff] reserved
[    0.000000] BIOS-e820: [mem 0x00000000fffc0000-0x00000000ffffffff] reserved
[    0.000000] BIOS-e820: [mem 0x0000000100000000-0x000000011fffffff] usable
[    0.000000] NX (Execute Disable) protection: active
[    0.000000] SMBIOS 2.5 present.
[    0.000000] Hypervisor detected: KVM
[    0.000000] e820: last_pfn = 0x120000 max_arch_pfn = 0x400000000
[    0.000000] MTRR: Disabled
[    0.000000] x86/PAT: MTRRs disabled, skipping PAT initialization too.
[    0.000000] x86/PAT: Configuration [0-7]: WB  WT  UC- UC  WB  WT  UC- UC  
[    0.000000] CPU MTRRs all blank - virtualized system.
[    0.000000] e820: last_pfn = 0xdfff0 max_arch_pfn = 0x400000000
[    0.000000] found SMP MP-table at [mem 0x0009fff0-0x0009ffff] mapped at [ffff88000009fff0]
[    0.000000] Scanning 1 areas for low memory corruption
[    0.000000] RAMDISK: [mem 0x36ac8000-0x3755bfff]
[    0.000000] ACPI: Early table checksum verification disabled
[    0.000000] ACPI: RSDP 0x00000000000E0000 000024 (v02 VBOX  )
[    0.000000] ACPI: XSDT 0x00000000DFFF0030 00003C (v01 VBOX   VBOXXSDT 00000001 ASL  00000061)
[    0.000000] ACPI: FACP 0x00000000DFFF00F0 0000F4 (v04 VBOX   VBOXFACP 00000001 ASL  00000061)
[    0.000000] ACPI: DSDT 0x00000000DFFF0480 0021C8 (v02 VBOX   VBOXBIOS 00000002 INTL 20100528)
[    0.000000] ACPI: FACS 0x00000000DFFF0200 000040
[    0.000000] ACPI: FACS 0x00000000DFFF0200 000040
[    0.000000] ACPI: APIC 0x00000000DFFF0240 00006C (v02 VBOX   VBOXAPIC 00000001 ASL  00000061)
[    0.000000] ACPI: SSDT 0x00000000DFFF02B0 0001CC (v01 VBOX   VBOXCPUT 00000002 INTL 20100528)
[    0.000000] No NUMA configuration found
[    0.000000] Faking a node at [mem 0x0000000000000000-0x000000011fffffff]
[    0.000000] NODE_DATA(0) allocated [mem 0x11fff7000-0x11fffbfff]
[    0.000000] kvm-clock: Using msrs 4b564d01 and 4b564d00
[    0.000000] kvm-clock: cpu 0, msr 1:1ffef001, primary cpu clock
[    0.000000] kvm-clock: using sched offset of 3542172294 cycles
[    0.000000] clocksource: kvm-clock: mask: 0xffffffffffffffff max_cycles: 0x1cd42e4dffb, max_idle_ns: 881590591483 ns
[    0.000000] Zone ranges:
[    0.000000]   DMA      [mem 0x0000000000001000-0x0000000000ffffff]
[    0.000000]   DMA32    [mem 0x0000000001000000-0x00000000ffffffff]
[    0.000000]   Normal   [mem 0x0000000100000000-0x000000011fffffff]
[    0.000000]   Device   empty
[    0.000000] Movable zone start for each node
[    0.000000] Early memory node ranges
[    0.000000]   node   0: [mem 0x0000000000001000-0x000000000009efff]
[    0.000000]   node   0: [mem 0x0000000000100000-0x00000000dffeffff]
[    0.000000]   node   0: [mem 0x0000000100000000-0x000000011fffffff]
[    0.000000] Initmem setup node 0 [mem 0x0000000000001000-0x000000011fffffff]
[    0.000000] ACPI: PM-Timer IO Port: 0x4008
[    0.000000] IOAPIC[0]: apic_id 4, version 32, address 0xfec00000, GSI 0-23
[    0.000000] ACPI: INT_SRC_OVR (bus 0 bus_irq 0 global_irq 2 dfl dfl)
[    0.000000] ACPI: INT_SRC_OVR (bus 0 bus_irq 9 global_irq 9 high level)
[    0.000000] Using ACPI (MADT) for SMP configuration information
[    0.000000] smpboot: Allowing 4 CPUs, 0 hotplug CPUs
[    0.000000] PM: Registered nosave memory: [mem 0x00000000-0x00000fff]
[    0.000000] PM: Registered nosave memory: [mem 0x0009f000-0x0009ffff]
[    0.000000] PM: Registered nosave memory: [mem 0x000a0000-0x000effff]
[    0.000000] PM: Registered nosave memory: [mem 0x000f0000-0x000fffff]
[    0.000000] PM: Registered nosave memory: [mem 0xdfff0000-0xdfffffff]
[    0.000000] PM: Registered nosave memory: [mem 0xe0000000-0xfebfffff]
[    0.000000] PM: Registered nosave memory: [mem 0xfec00000-0xfec00fff]
[    0.000000] PM: Registered nosave memory: [mem 0xfec01000-0xfedfffff]
[    0.000000] PM: Registered nosave memory: [mem 0xfee00000-0xfee00fff]
[    0.000000] PM: Registered nosave memory: [mem 0xfee01000-0xfffbffff]
[    0.000000] PM: Registered nosave memory: [mem 0xfffc0000-0xffffffff]
[    0.000000] e820: [mem 0xe0000000-0xfebfffff] available for PCI devices
[    0.000000] Booting paravirtualized kernel on KVM
[    0.000000] clocksource: refined-jiffies: mask: 0xffffffff max_cycles: 0xffffffff, max_idle_ns: 7645519600211568 ns
[    0.000000] setup_percpu: NR_CPUS:512 nr_cpumask_bits:512 nr_cpu_ids:4 nr_node_ids:1
[    0.000000] PERCPU: Embedded 33 pages/cpu @ffff88011fc00000 s98264 r8192 d28712 u524288
[    0.000000] PV qspinlock hash table entries: 256 (order: 0, 4096 bytes)
[    0.000000] Built 1 zonelists in Node order, mobility grouping on.  Total pages: 1032057
[    0.000000] Policy zone: Normal
[    0.000000] Kernel command line: BOOT_IMAGE=/boot/vmlinuz-4.4.0-92-generic root=LABEL=cloudimg-rootfs ro console=tty1 console=ttyS0
[    0.000000] PID hash table entries: 4096 (order: 3, 32768 bytes)
[    0.000000] Memory: 4031992K/4193848K available (8474K kernel code, 1294K rwdata, 3984K rodata, 1488K init, 1316K bss, 161856K reserved, 0K cma-reserved)
[    0.000000] SLUB: HWalign=64, Order=0-3, MinObjects=0, CPUs=4, Nodes=1
[    0.000000] Hierarchical RCU implementation.
[    0.000000] 	Build-time adjustment of leaf fanout to 64.
[    0.000000] 	RCU restricting CPUs from NR_CPUS=512 to nr_cpu_ids=4.
[    0.000000] RCU: Adjusting geometry for rcu_fanout_leaf=64, nr_cpu_ids=4
[    0.000000] NR_IRQS:33024 nr_irqs:456 16
[    0.000000] Console: colour VGA+ 80x25
[    0.000000] console [tty1] enabled
[    0.000000] console [ttyS0] enabled
[    0.000000] tsc: Detected 3700.086 MHz processor
[    5.195933] Calibrating delay loop (skipped) preset value.. 7400.17 BogoMIPS (lpj=14800344)
[    5.197374] pid_max: default: 32768 minimum: 301
[    5.198142] ACPI: Core revision 20150930
[    5.258616] ACPI: 2 ACPI AML tables successfully acquired and loaded
[    5.345653] Security Framework initialized
[    5.401440] Yama: becoming mindful.
[    5.473059] AppArmor: AppArmor initialized
[    5.489153] Dentry cache hash table entries: 524288 (order: 10, 4194304 bytes)
[    5.537838] Inode-cache hash table entries: 262144 (order: 9, 2097152 bytes)
[    5.562255] Mount-cache hash table entries: 8192 (order: 4, 65536 bytes)
[    5.563308] Mountpoint-cache hash table entries: 8192 (order: 4, 65536 bytes)
[    5.564520] Initializing cgroup subsys io
[    5.565234] Initializing cgroup subsys memory
[    5.565980] Initializing cgroup subsys devices
[    5.613142] Initializing cgroup subsys freezer
[    5.727257] Initializing cgroup subsys net_cls
[    5.842861] Initializing cgroup subsys perf_event
[    5.939026] Initializing cgroup subsys net_prio
[    6.040065] Initializing cgroup subsys hugetlb
[    6.078284] Initializing cgroup subsys pids
[    6.125261] CPU: Physical Processor ID: 0
[    6.131114] CPU: Processor Core ID: 0
[    6.200513] mce: CPU supports 0 MCE banks
[    6.281793] Last level iTLB entries: 4KB 512, 2MB 8, 4MB 8
[    6.375087] Last level dTLB entries: 4KB 512, 2MB 0, 4MB 0, 1GB 4
[    6.461713] Freeing SMP alternatives memory: 32K (ffffffff820b9000 - ffffffff820c1000)
[    6.600639] ftrace: allocating 32131 entries in 126 pages
[    6.788047] smpboot: APIC(0) Converting physical 0 to logical package 0
[    6.958637] smpboot: Max logical packages: 1
[    7.069463] x2apic enabled
[    7.139578] Switched APIC routing to physical x2apic.
[    7.194466] ..TIMER: vector=0x30 apic1=0 pin1=2 apic2=-1 pin2=-1
[    7.415450] smpboot: CPU0: Intel(R) Core(TM) i7-4820K CPU @ 3.70GHz (family: 0x6, model: 0x3e, stepping: 0x4)
[    7.553824] Performance Events: unsupported p6 CPU model 62 no PMU driver, software events only.
[    7.708133] KVM setup paravirtual spinlock
[    7.826050] x86: Booting SMP configuration:
[    7.913272] .... node  #0, CPUs:      #1
[    7.975684] kvm-clock: cpu 1, msr 1:1ffef041, secondary cpu clock
[    8.093978] mce: CPU supports 0 MCE banks
[    8.096498]  #2
[    8.100932] kvm-clock: cpu 2, msr 1:1ffef081, secondary cpu clock
[    8.111946] mce: CPU supports 0 MCE banks
[    8.135332]  #3
[    8.139962] kvm-clock: cpu 3, msr 1:1ffef0c1, secondary cpu clock
[    8.144095] mce: CPU supports 0 MCE banks
[    8.146539] x86: Booted up 1 node, 4 CPUs
[    8.147423] smpboot: Total of 4 processors activated (29600.68 BogoMIPS)
[    8.237062] devtmpfs: initialized
[    8.270785] evm: security.selinux
[    8.303582] evm: security.SMACK64
[    8.332114] evm: security.SMACK64EXEC
[    8.358252] evm: security.SMACK64TRANSMUTE
[    8.379304] evm: security.SMACK64MMAP
[    8.404195] evm: security.ima
[    8.409645] evm: security.capability
[    8.416220] clocksource: jiffies: mask: 0xffffffff max_cycles: 0xffffffff, max_idle_ns: 7645041785100000 ns
[    8.434052] futex hash table entries: 1024 (order: 4, 65536 bytes)
[    8.507525] pinctrl core: initialized pinctrl subsystem
[    8.511383] RTC time:  0:53:00, date: 08/29/17
[    8.522715] NET: Registered protocol family 16
[    8.536495] cpuidle: using governor ladder
[    8.556740] cpuidle: using governor menu
[    8.623739] PCCT header not found.
[    8.658275] ACPI: bus type PCI registered
[    8.660557] acpiphp: ACPI Hot Plug PCI Controller Driver version: 0.5
[    8.692277] PCI: Using configuration type 1 for base access
[    8.855733] ACPI: Added _OSI(Module Device)
[    8.920552] ACPI: Added _OSI(Processor Device)
[    9.034042] ACPI: Added _OSI(3.0 _SCP Extensions)
[    9.121545] ACPI: Added _OSI(Processor Aggregator Device)
[    9.250374] ACPI: Executed 1 blocks of module-level executable AML code
[    9.333494] ACPI: Interpreter enabled
[    9.419402] ACPI: (supports S0 S5)
[    9.478940] ACPI: Using IOAPIC for interrupt routing
[    9.563192] PCI: Using host bridge windows from ACPI; if necessary, use "pci=nocrs" and report a bug
[    9.656534] ACPI: PCI Root Bridge [PCI0] (domain 0000 [bus 00-ff])
[    9.823359] acpi PNP0A03:00: _OSC: OS supports [ASPM ClockPM Segments MSI]
[    9.995681] acpi PNP0A03:00: _OSC failed (AE_NOT_FOUND); disabling ASPM
[   10.094771] acpi PNP0A03:00: fail to add MMCONFIG information, can't access extended PCI configuration space under this bridge.
[   10.212759] PCI host bridge to bus 0000:00
[   10.221349] pci_bus 0000:00: root bus resource [io  0x0000-0x0cf7 window]
[   10.305347] pci_bus 0000:00: root bus resource [io  0x0d00-0xffff window]
[   10.344569] pci_bus 0000:00: root bus resource [mem 0x000a0000-0x000bffff window]
[   10.356050] pci_bus 0000:00: root bus resource [mem 0xe0000000-0xffdfffff window]
[   10.482770] pci_bus 0000:00: root bus resource [bus 00-ff]
[   10.619282] pci 0000:00:01.1: legacy IDE quirk: reg 0x10: [io  0x01f0-0x01f7]
[   10.748293] pci 0000:00:01.1: legacy IDE quirk: reg 0x14: [io  0x03f6]
[   10.884798] pci 0000:00:01.1: legacy IDE quirk: reg 0x18: [io  0x0170-0x0177]
[   11.039086] pci 0000:00:01.1: legacy IDE quirk: reg 0x1c: [io  0x0376]
[   11.179898] pci 0000:00:07.0: quirk: [io  0x4000-0x403f] claimed by PIIX4 ACPI
[   11.344780] pci 0000:00:07.0: quirk: [io  0x4100-0x410f] claimed by PIIX4 SMB
[   11.529883] ACPI: PCI Interrupt Link [LNKA] (IRQs 5 9 10 *11)
[   11.569862] ACPI: PCI Interrupt Link [LNKB] (IRQs 5 9 10 *11)
[   11.655843] ACPI: PCI Interrupt Link [LNKC] (IRQs 5 9 *10 11)
[   11.746315] ACPI: PCI Interrupt Link [LNKD] (IRQs 5 *9 10 11)
[   11.835546] ACPI: Enabled 2 GPEs in block 00 to 07
[   11.924966] vgaarb: setting as boot device: PCI:0000:00:02.0
[   11.987916] vgaarb: device added: PCI:0000:00:02.0,decodes=io+mem,owns=io+mem,locks=none
[   12.153343] vgaarb: loaded
[   12.214936] vgaarb: bridge control possible 0000:00:02.0
[   12.288989] SCSI subsystem initialized
[   12.357056] ACPI: bus type USB registered
[   12.443500] usbcore: registered new interface driver usbfs
[   12.460819] usbcore: registered new interface driver hub
[   12.462199] usbcore: registered new device driver usb
[   12.562336] PCI: Using ACPI for IRQ routing
[   12.654827] NetLabel: Initializing
[   12.740605] NetLabel:  domain hash size = 128
[   12.833922] NetLabel:  protocols = UNLABELED CIPSOv4
[   12.926832] NetLabel:  unlabeled traffic allowed by default
[   13.048891] amd_nb: Cannot enumerate AMD northbridges
[   13.136668] clocksource: Switched to clocksource kvm-clock
[   13.280399] AppArmor: AppArmor Filesystem Enabled
[   13.330530] pnp: PnP ACPI init
[   13.412451] pnp: PnP ACPI: found 3 devices
[   13.531862] clocksource: acpi_pm: mask: 0xffffff max_cycles: 0xffffff, max_idle_ns: 2085701024 ns
[   13.568057] NET: Registered protocol family 2
[   13.572971] TCP established hash table entries: 32768 (order: 6, 262144 bytes)
[   13.574265] TCP bind hash table entries: 32768 (order: 7, 524288 bytes)
[   13.583310] TCP: Hash tables configured (established 32768 bind 32768)
[   13.746772] UDP hash table entries: 2048 (order: 4, 65536 bytes)
[   13.893384] UDP-Lite hash table entries: 2048 (order: 4, 65536 bytes)
[   13.900512] NET: Registered protocol family 1
[   14.018430] pci 0000:00:00.0: Limiting direct PCI/PCI transfers
[   14.115865] pci 0000:00:01.0: Activating ISA DMA hang workarounds
[   14.182976] Unpacking initramfs...
[   16.204836] Freeing initrd memory: 10832K (ffff880036ac8000 - ffff88003755c000)
[   16.389445] PCI-DMA: Using software bounce buffering for IO (SWIOTLB)
[   16.482820] software IO TLB [mem 0xdbff0000-0xdfff0000] (64MB) mapped at [ffff8800dbff0000-ffff8800dffeffff]
[   16.636896] RAPL PMU detected, API unit is 2^-32 Joules, 3 fixed counters 10737418240 ms ovfl timer
[   16.873089] hw unit of domain pp0-core 2^-0 Joules
[   16.924597] hw unit of domain package 2^-0 Joules
[   17.013055] hw unit of domain dram 2^-0 Joules
[   17.136985] platform rtc_cmos: registered platform RTC device (no PNP device found)
[   17.346547] Scanning for low memory corruption every 60 seconds
[   17.510163] audit: initializing netlink subsys (disabled)
[   17.613583] audit: type=2000 audit(1503967982.519:1): initialized
[   17.758895] Initialise system trusted keyring
[   17.834448] HugeTLB registered 2 MB page size, pre-allocated 0 pages
[   18.018050] zbud: loaded
[   18.093214] VFS: Disk quotas dquot_6.6.0
[   18.190128] tsc: Refined TSC clocksource calibration: 3701.179 MHz
[   18.309926] clocksource: tsc: mask: 0xffffffffffffffff max_cycles: 0x6ab36044363, max_idle_ns: 881590868860 ns
[   18.310081] VFS: Dquot-cache hash table entries: 512 (order 0, 4096 bytes)
[   18.310313] squashfs: version 4.0 (2009/01/31) Phillip Lougher
[   18.582980] fuse init (API version 7.23)
[   18.583114] Key type big_key registered
[   18.583130] Allocating IMA MOK and blacklist keyrings.
[   18.583803] Key type asymmetric registered
[   18.583805] Asymmetric key parser 'x509' registered
[   18.583835] Block layer SCSI generic (bsg) driver version 0.4 loaded (major 249)
[   18.583870] io scheduler noop registered
[   18.583872] io scheduler deadline registered (default)
[   18.583907] io scheduler cfq registered
[   18.583989] pci_hotplug: PCI Hot Plug PCI Core version: 0.5
[   18.583993] pciehp: PCI Express Hot Plug Controller Driver version: 0.4
[   18.584108] ACPI: AC Adapter [AC] (on-line)
[   18.584149] input: Power Button as /devices/LNXSYSTM:00/LNXPWRBN:00/input/input0
[   18.584152] ACPI: Power Button [PWRF]
[   18.584209] input: Sleep Button as /devices/LNXSYSTM:00/LNXSLPBN:00/input/input1
[   18.584210] ACPI: Sleep Button [SLPF]
[   18.584412] GHES: HEST is not enabled!
[   18.584483] Serial: 8250/16550 driver, 32 ports, IRQ sharing enabled
[   18.625522] 00:02: ttyS0 at I/O 0x3f8 (irq = 4, base_baud = 115200) is a 16550A
[   18.638699] Linux agpgart interface v0.103
[   18.697995] loop: module loaded
[   18.698570] scsi host0: ata_piix
[   18.698687] scsi host1: ata_piix
[   18.698714] ata1: PATA max UDMA/33 cmd 0x1f0 ctl 0x3f6 bmdma 0xd000 irq 14
[   18.698714] ata2: PATA max UDMA/33 cmd 0x170 ctl 0x376 bmdma 0xd008 irq 15
[   18.698786] libphy: Fixed MDIO Bus: probed
[   18.698788] tun: Universal TUN/TAP device driver, 1.6
[   18.698788] tun: (C) 1999-2004 Max Krasnyansky <maxk@qualcomm.com>
[   18.698814] PPP generic driver version 2.4.2
[   18.698853] ehci_hcd: USB 2.0 'Enhanced' Host Controller (EHCI) Driver
[   18.698855] ehci-pci: EHCI PCI platform driver
[   18.698862] ehci-platform: EHCI generic platform driver
[   18.698868] ohci_hcd: USB 1.1 'Open' Host Controller (OHCI) Driver
[   18.698870] ohci-pci: OHCI PCI platform driver
[   18.698877] ohci-platform: OHCI generic platform driver
[   18.698883] uhci_hcd: USB Universal Host Controller Interface driver
[   18.698923] i8042: PNP: PS/2 Controller [PNP0303:PS2K,PNP0f03:PS2M] at 0x60,0x64 irq 1,12
[   18.783841] serio: i8042 KBD port at 0x60,0x64 irq 1
[   18.783847] serio: i8042 AUX port at 0x60,0x64 irq 12
[   18.783970] mousedev: PS/2 mouse device common for all mice
[   18.784339] rtc_cmos rtc_cmos: rtc core: registered rtc_cmos as rtc0
[   18.784386] rtc_cmos rtc_cmos: alarms up to one day, 114 bytes nvram
[   18.784392] i2c /dev entries driver
[   18.784435] device-mapper: uevent: version 1.0.3
[   18.784484] device-mapper: ioctl: 4.34.0-ioctl (2015-10-28) initialised: dm-devel@redhat.com
[   18.784501] ledtrig-cpu: registered to indicate activity on CPUs
[   18.784881] NET: Registered protocol family 10
[   18.785046] NET: Registered protocol family 17
[   18.785053] Key type dns_resolver registered
[   18.842711] microcode: CPU0 sig=0x306e4, pf=0x2, revision=0x19
[   18.842744] microcode: CPU1 sig=0x306e4, pf=0x2, revision=0x19
[   18.842771] microcode: CPU2 sig=0x306e4, pf=0x2, revision=0x19
[   18.842799] microcode: CPU3 sig=0x306e4, pf=0x2, revision=0x19
[   18.842899] microcode: Microcode Update Driver: v2.01 <tigran@aivazian.fsnet.co.uk>, Peter Oruba
[   18.843002] registered taskstats version 1
[   18.843014] Loading compiled-in X.509 certificates
[   18.843607] Loaded X.509 cert 'Build time autogenerated kernel key: 01a2b0d0dba8d37a863918580fc16590a7d146c8'
[   18.843629] zswap: loaded using pool lzo/zbud
[   18.845336] Key type trusted registered
[   18.848720] Key type encrypted registered
[   18.848725] AppArmor: AppArmor sha1 policy hashing enabled
[   18.848727] ima: No TPM chip found, activating TPM-bypass!
[   18.848741] evm: HMAC attrs: 0x1
[   18.849078]   Magic number: 13:527:861
[   18.851038] rtc_cmos rtc_cmos: setting system clock to 2017-08-29 00:53:10 UTC (1503967990)
[   18.851195] BIOS EDD facility v0.16 2004-Jun-25, 0 devices found
[   18.851195] EDD information not available.
[   19.333259] input: AT Translated Set 2 keyboard as /devices/platform/i8042/serio0/input/input2
[   23.102309] Freeing unused kernel memory: 1488K (ffffffff81f45000 - ffffffff820b9000)
[   23.202875] Write protecting the kernel read-only data: 14336k
[   23.213820] Freeing unused kernel memory: 1752K (ffff88000184a000 - ffff880001a00000)
[   23.308929] Freeing unused kernel memory: 112K (ffff880001de4000 - ffff880001e00000)
Loading, please wait...
starting version[   23.433728] random: systemd-udevd: uninitialized urandom read (16 bytes read, 3 bits of entropy available)
 229
[   23.435191] random: udevadm: uninitialized urandom read (16 bytes read, 3 bits of entropy available)
[   23.435281] random: udevadm: uninitialized urandom read (16 bytes read, 3 bits of entropy available)
[   23.435855] random: udevadm: uninitialized urandom read (16 bytes read, 3 bits of entropy available)
[   23.435909] random: udevadm: uninitialized urandom read (16 bytes read, 3 bits of entropy available)
[   23.435963] random: udevadm: uninitialized urandom read (16 bytes read, 3 bits of entropy available)
[   23.436070] random: udevadm: uninitialized urandom read (16 bytes read, 3 bits of entropy available)
[   23.436330] random: udevadm: uninitialized urandom read (16 bytes read, 3 bits of entropy available)
[   23.436455] random: udevadm: uninitialized urandom read (16 bytes read, 3 bits of entropy available)
[   23.436518] random: udevadm: uninitialized urandom read (16 bytes read, 3 bits of entropy available)
[   23.813766] e1000: Intel(R) PRO/1000 Network Driver - version 7.3.21-k8-NAPI
[   23.841167] e1000: Copyright (c) 1999-2006 Intel Corporation.
[   23.842853] Fusion MPT base driver 3.04.20
[   23.864086] Copyright (c) 1999-2008 LSI Corporation
[   23.903130] Fusion MPT SPI Host driver 3.04.20
[   23.914796] AVX version of gcm_enc/dec engaged.
[   23.965533] AES CTR mode by8 optimization enabled
[   24.104766] input: ImExPS/2 Generic Explorer Mouse as /devices/platform/i8042/serio1/input/input4
[   24.241920] e1000 0000:00:03.0 eth0: (PCI:33MHz:32-bit) 02:21:85:d0:49:10
[   24.284101] e1000 0000:00:03.0 eth0: Intel(R) PRO/1000 Network Connection
[   24.326970] e1000 0000:00:03.0 enp0s3: renamed from eth0
[   24.330257] mptbase: ioc0: Initiating bringup
[   24.401554] ioc0: LSI53C1030 A0: Capabilities={Initiator}
[   24.697600] scsi host2: ioc0: LSI53C1030 A0, FwRev=00000000h, Ports=1, MaxQ=256, IRQ=20
[   25.003176] scsi 2:0:0:0: Direct-Access     VBOX     HARDDISK         1.0  PQ: 0 ANSI: 5
[   25.145690] scsi target2:0:0: Beginning Domain Validation
[   25.151068] scsi target2:0:0: Domain Validation skipping write tests
[   25.258886] scsi target2:0:0: Ending Domain Validation
[   25.389206] scsi target2:0:0: asynchronous
[   25.494838] scsi 2:0:1:0: Direct-Access     VBOX     HARDDISK         1.0  PQ: 0 ANSI: 5
[   25.706116] scsi target2:0:1: Beginning Domain Validation
[   25.863220] scsi target2:0:1: Domain Validation skipping write tests
[   26.017186] scsi target2:0:1: Ending Domain Validation
[   26.094444] scsi target2:0:1: asynchronous
[   26.138936] sd 2:0:0:0: Attached scsi generic sg0 type 0
[   26.211174] sd 2:0:0:0: [sda] 20971520 512-byte logical blocks: (10.7 GB/10.0 GiB)
[   26.238116] sd 2:0:1:0: [sdb] 20480 512-byte logical blocks: (10.5 MB/10.0 MiB)
[   26.238164] sd 2:0:1:0: Attached scsi generic sg1 type 0
[   26.238356] sd 2:0:0:0: [sda] Write Protect is off
[   26.238533] sd 2:0:0:0: [sda] Incomplete mode parameter data
[   26.238534] sd 2:0:0:0: [sda] Assuming drive cache: write through
[   26.266731]  sda: sda1
[   26.267676] sd 2:0:0:0: [sda] Attached SCSI disk
[   26.434053] sd 2:0:1:0: [sdb] Write Protect is off
[   26.472736] sd 2:0:1:0: [sdb] Incomplete mode parameter data
[   26.512618] sd 2:0:1:0: [sdb] Assuming drive cache: write through
[   26.616675] sd 2:0:1:0: [sdb] Attached SCSI disk
[   26.860941] floppy0: no floppy controllers found
Begin: Loading essential drivers ... [   28.318116] md: linear personality registered for level -1
[   28.370194] md: multipath personality registered for level -4
[   28.434036] md: raid0 personality registered for level 0
[   28.452892] md: raid1 personality registered for level 1
[   28.636983] raid6: sse2x1   gen()  9854 MB/s
[   28.773110] raid6: sse2x1   xor()  7838 MB/s
[   28.932761] raid6: sse2x2   gen() 10559 MB/s
[   29.084957] raid6: sse2x2   xor()  6126 MB/s
[   29.189052] raid6: sse2x4   gen() 11289 MB/s
[   29.348737] raid6: sse2x4   xor()  9250 MB/s
[   29.421183] raid6: using algorithm sse2x4 gen() 11289 MB/s
[   29.430754] raid6: .... xor() 9250 MB/s, rmw enabled
[   29.553334] raid6: using ssse3x2 recovery algorithm
[   29.563893] xor: automatically using best checksumming function:
[   29.661108]    avx       : 20353.000 MB/sec
[   29.714096] async_tx: api initialized (async)
[   29.828081] md: raid6 personality registered for level 6
[   29.906726] md: raid5 personality registered for level 5
[   29.943489] md: raid4 personality registered for level 4
[   30.031386] md: raid10 personality registered for level 10
done.
Begin: Running /scripts/init-premount ... done.
Begin: Mounting root file system ... Begin: Running /scripts/local-top ... done.
Begin: Running /scripts/local-premount ... [   30.185921] Btrfs loaded
Scanning for Btrfs filesystems
done.
Warning: fsck not present, so skipping root file system
[   30.307104] EXT4-fs (sda1): mounted filesystem with ordered data mode. Opts: (null)
done.
Begin: Running /scripts/local-bottom ... done.
Begin: Running /scripts/init-bottom ... done.
[   31.049554] systemd[1]: systemd 229 running in system mode. (+PAM +AUDIT +SELINUX +IMA +APPARMOR +SMACK +SYSVINIT +UTMP +LIBCRYPTSETUP +GCRYPT +GNUTLS +ACL +XZ -LZ4 +SECCOMP +BLKID +ELFUTILS +KMOD -IDN)
[   31.261906] systemd[1]: Detected virtualization oracle.
[   31.325624] systemd[1]: Detected architecture x86-64.
[   31.341610] random: nonblocking pool is initialized

Welcome to [1mUbuntu 16.04.3 LTS[0m!

[   31.437370] systemd[1]: Set hostname to <ubuntu>.
[   31.512648] systemd[1]: Initializing machine ID from random generator.
[   31.591756] systemd[1]: Installed transient /etc/machine-id file.
[   32.555630] systemd[1]: Listening on LVM2 metadata daemon socket.
[[0;32m  OK  [0m] Listening on LVM2 metadata daemon socket.
[   32.637312] systemd[1]: Listening on Journal Socket.
[[0;32m  OK  [0m] Listening on Journal Socket.
[   32.706312] systemd[1]: Started Forward Password Requests to Wall Directory Watch.
[[0;32m  OK  [0m] Started Forward Password Requests to Wall Directory Watch.
[   32.893410] systemd[1]: Set up automount Arbitrary Executable File Formats File System Automount Point.
[[0;32m  OK  [0m] Set up automount Arbitrary Executab...ats File System Automount Point.
[   33.109545] systemd[1]: Listening on Journal Socket (/dev/log).
[[0;32m  OK  [0m] Listening on Journal Socket (/dev/log).
[   33.165454] systemd[1]: Reached target Swap.
[[0;32m  OK  [0m] Reached target Swap.
[   33.263037] systemd[1]: Reached target User and Group Name Lookups.
[[0;32m  OK  [0m] Reached target User and Group Name Lookups.
[   33.384497] systemd[1]: Created slice User and Session Slice.
[[0;32m  OK  [0m] Created slice User and Session Slice.
[   33.481115] systemd[1]: Reached target Encrypted Volumes.
[[0;32m  OK  [0m] Reached target Encrypted Volumes.
[   33.641210] systemd[1]: Listening on udev Control Socket.
[[0;32m  OK  [0m] Listening on udev Control Socket.
[   33.742421] systemd[1]: Started Trigger resolvconf update for networkd DNS.
[[0;32m  OK  [0m] Started Trigger resolvconf update for networkd DNS.
[   33.781668] systemd[1]: Listening on Device-mapper event daemon FIFOs.
[[0;32m  OK  [0m] Listening on Device-mapper event daemon FIFOs.
[   33.849627] systemd[1]: Listening on Journal Audit Socket.
[[0;32m  OK  [0m] Listening on Journal Audit Socket.
[   33.953303] systemd[1]: Listening on /dev/initctl Compatibility Named Pipe.
[[0;32m  OK  [0m] Listening on /dev/initctl Compatibility Named Pipe.
[   34.129472] systemd[1]: Listening on LVM2 poll daemon socket.
[[0;32m  OK  [0m] Listening on LVM2 poll daemon socket.
[   34.229580] systemd[1]: Listening on udev Kernel Socket.
[[0;32m  OK  [0m] Listening on udev Kernel Socket.
[   34.293093] systemd[1]: Listening on Syslog Socket.
[[0;32m  OK  [0m] Listening on Syslog Socket.
[   34.436658] systemd[1]: Created slice System Slice.
[[0;32m  OK  [0m] Created slice System Slice.
[   34.560977] systemd[1]: Starting Set console keymap...
         Starting Set console keymap...
[   34.622173] systemd[1]: Mounting Debug File System...
         Mounting Debug File System...
[   34.697318] systemd[1]: Mounting Huge Pages File System...
         Mounting Huge Pages File System...
[   34.749170] systemd[1]: Starting Uncomplicated firewall...
         Starting Uncomplicated firewall...
[   34.801255] systemd[1]: Starting Journal Service...
         Starting Journal Service...
[   34.882493] systemd[1]: Starting Create list of required static device nodes for the current kernel...
         Starting Create list of required st... nodes for the current kernel...
[   35.073123] systemd[1]: Starting Load Kernel Modules...
         Starting Load Kernel Modules...
[   35.127721] Loading iSCSI transport class v2.0-870.
[   35.242508] systemd[1]: Starting Monitoring of LVM2 mirrors, snapshots etc. using dmeventd or progress polling...
         Starting Monitoring of LVM2 mirrors... dmeventd or progress polling...
[   35.330164] systemd[1]: Created slice system-serial\x2dgetty.slice.
[[0;32m  OK  [0m] Created slice system-serial\x2dgetty.slice.
[   35.337583] systemd[1]: Reached target Slices.
[[0;32m  OK  [0m] Reached target Slices.
[   35.398981] systemd[1]: Starting Remount Root and Kernel File Systems...
[   35.427378] iscsi: registered transport (tcp)
         Startin[   35.440881] EXT4-fs (sda1): re-mounted. Opts: (null)
g Remount Root and Kernel File Systems...
[   35.633876] systemd[1]: Mounting POSIX Message Queue File System...
         Mounting POSIX Message Queue File System...
[   35.789366] systemd[1]: Starting Nameserver information manager...
         Starting Nameserver information manager...
[   35.823081] iscsi: registered transport (iser)
[   35.832326] systemd[1]: Mounted Debug File System.
[[0;32m  OK  [0m] Mounted Debug File System.
[   35.845418] systemd[1]: Mounted POSIX Message Queue File System.
[[0;32m  OK  [0m] Mounted POSIX Message Queue File System.
[   35.861383] systemd[1]: Mounted Huge Pages File System.
[[0;32m  OK  [0m] Mounted Huge Pages File System.
[   35.992848] systemd[1]: Started Journal Service.
[[0;32m  OK  [0m] Started Journal Service.
[[0;32m  OK  [0m] Started Set console keymap.
[[0;32m  OK  [0m] Started Uncomplicated firewall.
[[0;32m  OK  [0m] Started Create list of required sta...ce nodes for the current kernel.
[[0;32m  OK  [0m] Started Load Kernel Modules.
[[0;32m  OK  [0m] Started Remount Root and Kernel File Systems.
[[0;32m  OK  [0m] Started Nameserver information manager.
[[0;32m  OK  [0m] Started LVM2 metadata daemon.
         Starting Initial cloud-init job (pre-networking)...
         Starting udev Coldplug all Devices...
         Starting Load/Save Random Seed...
         Starting Apply Kernel Variables...
         Mounting FUSE Control File System...
         Starting Create Static Device Nodes in /dev...
         Starting Flush Journal to Persistent Storage...
[[0;32m  OK  [0m] Mounted FUSE Control File System.
[[0;32m  OK  [0m] Started Load/Save Random Seed.
[[0;32m  OK  [0m] Started udev Coldplug all Devices.
[[0;32m  OK  [0m] Started Apply Kernel Variables.
[[0;32m  OK  [0m] Started Flush Journal to Persistent Storage.
[[0;32m  OK  [0m] Started Create Static Device Nodes in /dev.
         Starting udev Kernel Device Manager...
[[0;32m  OK  [0m] Started Monitoring of LVM2 mirrors,...ng dmeventd or progress polling.
[[0;32m  OK  [0m] Started udev Kernel Device Manager.
[[0;32m  OK  [0m] Started Dispatch Password Requests to Console Directory Watch.
[[0;32m  OK  [0m] Reached target Local File Systems (Pre).
[[0;32m  OK  [0m] Reached target Local File Systems.
         Starting Create Volatile Files and Directories...
         Starting LSB: AppArmor initialization...
         Starting Tell Plymouth To Write Out Runtime Data...
         Starting Set console font and keymap...
         Starting Commit a transient machine-id on disk...
[[0;32m  OK  [0m] Found device /dev/ttyS0.
[[0;32m  OK  [0m] Started Create Volatile Files and Directories.
[[0;32m  OK  [0m] Reached target System Time Synchronized.
         Starting Update UTMP about System Boot/Shutdown...
[[0;32m  OK  [0m] Started Commit a transient machine-id on disk.
[[0;32m  OK  [0m] Started Update UTMP about System Boot/Shutdown.
[[0;32m  OK  [0m] Started Tell Plymouth To Write Out Runtime Data.
[[0;32m  OK  [0m] Listening on Load/Save RF Kill Switch Status /dev/rfkill Watch.
[[0;32m  OK  [0m] Started Set console font and keymap.
[[0;32m  OK  [0m] Created slice system-getty.slice.
[[0;32m  OK  [0m] Started LSB: AppArmor initialization.
[   29.528068] cloud-init[452]: Cloud-init v. 0.7.9 running 'init-local' at Tue, 29 Aug 2017 00:53:33 +0000. Up 29.11 seconds.
[[0;32m  OK  [0m] Started Initial cloud-init job (pre-networking).
[[0;32m  OK  [0m] Reached target Network (Pre).
         Starting Raise network interfaces...
[[0;32m  OK  [0m] Started Raise network interfaces.
[[0;32m  OK  [0m] Reached target Network.
         Starting Initial cloud-init job (metadata service crawler)...
[   32.641215] cloud-init[959]: Cloud-init v. 0.7.9 running 'init' at Tue, 29 Aug 2017 00:53:34 +0000. Up 30.31 seconds.
[   32.650119] cloud-init[959]: ci-info: +++++++++++++++++++++++++++++++++++++Net device info++++++++++++++++++++++++++++++++++++++
[   32.662770] cloud-init[959]: ci-info: +--------+------+----------------------------+---------------+-------+-------------------+
[   32.695613] [cloud-init[0;32m  OK  [0m[959]: ] ci-info: | Device |  Up  |          Address           |      Mask     | Scope |     Hw-Address    |Started Initial cloud-init job (metadata service crawler).

[   32.695816] cloud-init[959]: ci-info: +--------+------+----------------------------+---------------+-------+-------------------+
[   32.785028] [cloud-init[0;32m  OK  [0m[959]: ] ci-info: |   lo   | True |         127.0.0.1          |   255.0.0.0   |   .   |         .         |Reached target Network is Online.

[   32.785268] cloud-init[959]: ci-info: |   lo   | True |          ::1/128           |       .       |  host |         .         |
[   32.845326]          cloud-initStarting iSCSI initiator daemon (iscsid)...[959]: 
ci-info: | enp0s3 | True |         10.0.2.15          | 255.255.255.0 |   .   | 02:21:85:d0:49:10 |
[   32.888744] [cloud-init[0;32m  OK  [0m[959]: ] ci-info: | enp0s3 | True | fe80::21:85ff:fed0:4910/64 |       .       |  link | 02:21:85:d0:49:10 |Reached target System Initialization.

[   32.889297] cloud-init[959]: ci-info: +--------+------+----------------------------+---------------+-------+-------------------+
         Starting Socket activation for snappy daemon.
[   32.899025] [cloud-init[0;32m  OK  [0m[959]: ] ci-info: +++++++++++++++++++++++++++Route IPv4 info++++++++++++++++++++++++++++Listening on D-Bus System Message Bus Socket.

[   33.017599] [cloud-init[0;32m  OK  [0m[959]: ] ci-info: +-------+-------------+----------+---------------+-----------+-------+Started Timer to automatically refresh installed snaps.

[   33.056765] cloud-init[[959]: [0;32m  OK  [0mci-info: | Route | Destination | Gateway  |    Genmask    | Interface | Flags |] 
Listening on UUID daemon activation socket.
[[   33.057074] [0;32m  OK  [0mcloud-init] [959]: Started Daily Cleanup of Temporary Directories.ci-info: +-------+-------------+----------+---------------+-----------+-------+

[   33.091330] [cloud-init[0;32m  OK  [0m[959]: ] ci-info: |   0   |   0.0.0.0   | 10.0.2.2 |    0.0.0.0    |   enp0s3  |   UG  |Started Daily apt download activities.

[   33.156782] [cloud-init[0;32m  OK  [0m[959]: ] ci-info: |   1   |   10.0.2.0  | 0.0.0.0  | 255.255.255.0 |   enp0s3  |   U   |Started Daily apt upgrade and clean activities.

[   33.198788] [cloud-init[0;32m  OK  [0m[959]: ] ci-info: +-------+-------------+----------+---------------+-----------+-------+Reached target Timers.

[   33.199082] cloud-init[959]: Generating public/private rsa key pair.
[   33.256658] [cloud-init[0;32m  OK  [0m[959]: ] Your identification has been saved in /etc/ssh/ssh_host_rsa_key.Started ACPI Events Check.

[[   33.256958] [0;32m  OK  [0mcloud-init] [959]: Reached target Paths.Your public key has been saved in /etc/ssh/ssh_host_rsa_key.pub.

[   33.320790]          cloud-initStarting LXD - unix socket.[959]: 
The key fingerprint is:
[   33.352417] [cloud-init[0;32m  OK  [0m[959]: ] SHA256:l2eng5O0HUXVcRbRwrs5i9D1MjA4GEsIT9rrVnto9Mo root@ubuntu-xenialListening on ACPID Listen Socket.

[   33.383506] [cloud-init[0;32m  OK  [0m[959]: ] The key's randomart image is:Reached target Cloud-config availability.

[   33.425096] [cloud-init[0;32m  OK  [0m[959]: ] +---[RSA 2048]----+Listening on Socket activation for snappy daemon.

[   33.425384] [cloud-init[0;32m  OK  [0m[959]: ] |    ....     ..=X|Listening on LXD - unix socket.

[   33.482893] [cloud-init[0;32m  OK  [0m[959]: ] |     =. o    .o.+|Started iSCSI initiator daemon (iscsid).

[   33.483147] cloud-init[959]: |    . o. + .  .o |
[   33.512473] cloud-init[959]: |       .o o.o.o  |
[   33.524759]          cloud-initStarting Login to default iSCSI targets...[959]: 
|      . S +o++.+ |
[   33.548281] [cloud-init[0;32m  OK  [0m[959]: ] |     . o *.B.+* .|Reached target Sockets.

[[   33.548543] [0;32m  OK  [0mcloud-init] [959]: Reached target Basic System.|      o + B.+. = |

[   33.595437]          cloud-initStarting LSB: MD monitoring daemon...[959]: 
|     . o o ....  |
[   33.624926] [cloud-init[0;32m  OK  [0m[959]: ] |        E        |Started Unattended Upgrades Shutdown.

[   33.625432] cloud-init[959]: +----[SHA256]-----+
[   33.659550] cloud-init[959]: Generating public/private dsa key pair.
[   33.673028]          cloud-initStarting LSB: Record successful boot for GRUB...[959]: 
Your identification has been saved in /etc/ssh/ssh_host_dsa_key.
[   33.678637] [cloud-init[0;32m  OK  [0m[959]: ] Your public key has been saved in /etc/ssh/ssh_host_dsa_key.pub.Started D-Bus System Message Bus.

[   33.678894] cloud-init[959]: The key fingerprint is:
[   33.724588] cloud-init[959]: SHA256:MoTkQUlmGNwV1fc/NGQoMqYNecC9I31kEJOfPY+CS+4 root@ubuntu-xenial
[   33.737383] cloud-init[959]: The key's randomart image is:
[   33.752471] cloud-init[959]: +---[DSA 1024]----+
[   33.762370] cloud-init[959]: | ..*Bo++==+   .  |
[   33.775082] cloud-init[959]: |  o=oo + Bo+.. o |
[   33.781255] cloud-init[959]: |    o . B B.+.o  |
[   33.800456] cloud-init[959]: |     . o = + o.o |
[   33.813526] cloud-init[959]: |      o S +   =..|
[   33.819718] cloud-init[959]: |       o o . . o.|
[   33.828833] cloud-init[959]: |        o . .   .|
[[   33.845261] [0;32m  OK  [0mcloud-init] [959]: Started FUSE filesystem for LXC.|         o       |

[   33.877258] [cloud-init[0;32m  OK  [0m[959]: ] |        .E       |Started Regular background program processing daemon.

[   33.897431]          cloud-initStarting Login Service...[959]: 
+----[SHA256]-----+
[   33.928991]          cloud-initStarting LXD - container startup/shutdown...[959]: 
Generating public/private ecdsa key pair.
[   33.954273]          cloud-initStarting /etc/rc.local Compatibility...[959]: 
Your identification has been saved in /etc/ssh/ssh_host_ecdsa_key.
[   33.973115] cloud-init[959]: Your public key has been saved in /etc/ssh/ssh_host_ecdsa_key.pub.
[   33.983735] cloud-init[959]: The key fingerprint is:
[   33.988579] cloud-init[959]: SHA256:qvXLEm4/hm4+DBSbrojpt6BQk7JZxazk7Xjoz2Wk2Io root@ubuntu-xenial
[   34.004233] cloud-init[959]: The key's randomart image is:
         Starting Pollinate to seed the pseudo random number generator...
[   34.027915] cloud-init[959]: +---[ECDSA 256]---+
[   34.062963]          cloud-initStarting Accounts Service...[959]: 
|                 |
[   34.084583]          cloud-initStarting Apply the settings specified in cloud-config...[959]: 
|   o.            |
[   34.106693] [cloud-init[0;32m  OK  [0m[959]: ] |  . ++           |Started Deferred execution scheduler.

[   34.133404] cloud-init[959]: | o =+            |
[   34.180377] [cloud-init[0;32m  OK  [0m[959]: ] |. Bo. . S        |Started ACPI event daemon.

[   34.180723] cloud-init[959]: | * Boo..         |
[   34.207289]          cloud-initStarting System Logging Service...[959]: 
|=++.=+=o         |
[   34.212228] cloud-init[959]: |*oo= =Ooo        |
[   34.228702] cloud-init[959]: |E.+o==o==o       |
[   34.232485] cloud-init[959]: +----[SHA256]-----+
[   34.233339] cloud-init[959]: Generating public/private ed25519 key pair.
[   34.234386] cloud-init[959]: Your identification has been saved in /etc/ssh/ssh_host_ed25519_key.
[   34.239837] cloud-init[959]: Your public key has been saved in /etc/ssh/ssh_host_ed25519_key.pub.
[   34.241121] cloud-init[959]: The key fingerprint is:
[   34.241989] cloud-init[959]: SHA256:YYjl8rk6bEPj2obSoxK/5sQZQaM3VStlFKB+Kzodj4Q root@ubuntu-xenial
[   34.246813] cloud-init[959]: The key's randomart image is:
[   34.260586] cloud-init[959]: +--[ED25519 256]--+
[   34.263045] cloud-init[959]: |  o o+B.         |
[   34.268546] cloud-init[959]: | o + * o         |
[   34.276354] cloud-init[959]: |. = + + o        |
[   34.304378] [cloud-init[0;32m  OK  [0m[959]: ] | o o + o .       |Started Snappy daemon.

[   34.316969]          cloud-initStarting Auto import assertions from block devices...[959]: 
| .o . o S        |
[   34.339330] [cloud-init[0;32m  OK  [0m[959]: ] |E.o+o. .         |Started /etc/rc.local Compatibility.

[   34.339599] cloud-init[959]: | *=O...          |
[   34.416484] [cloud-init[0;32m  OK  [0m[959]: ] |+oOoO.           |Started Auto import assertions from block devices.

[   34.416758] cloud-init[959]: |+*+*oo           |
[   34.476496] cloud-init[959]: +----[SHA256]-----+
[[0;32m  OK  [0m] Started Login Service.
[[0;32m  OK  [0m] Started Login to default iSCSI targets.
[[0;32m  OK  [0m] Reached target Remote File Systems (Pre).
[[0;32m  OK  [0m] Reached target Remote File Systems.
         Starting LSB: VirtualBox Linux Additions...
         Starting Permit User Sessions...
         Starting LSB: daemon to balance interrupts for SMP systems...
         Starting LSB: automatic crash report generation...
         Starting LSB: Set the CPU Frequency Scaling governor to "ondemand"...
[[0;32m  OK  [0m] Started LSB: MD monitoring daemon.
[[0;32m  OK  [0m] Started LSB: Set the CPU Frequency Scaling governor to "ondemand".
[[0;32m  OK  [0m] Started Permit User Sessions.
         Starting Terminate Plymouth Boot Screen...
         Starting Hold until boot process finishes up...
[[0;32m  OK  [0m] Started LSB: Record successful boot for GRUB.
[[0;32m  OK  [0m] Started Terminate Plymouth Boot Screen.
[[0;32m  OK  [0m] Started Hold until boot process finishes up.
[[0;32m  OK  [0m] Started System Logging Service.
         Starting Set console scheme...
[[0;32m  OK  [0m] Started Getty on tty1.
[[0;32m  OK  [0m] Started Serial Getty on ttyS0.
[[0;32m  OK  [0m] Reached target Login Prompts.
[[0;32m  OK  [0m] Started Set console scheme.
[   35.574330] cloud-init[1085]: Generating locales (this might take a while)...
[[0;32m  OK  [0m] Started LSB: daemon to balance interrupts for SMP systems.
[[0;32m  OK  [0m] Started LSB: automatic crash report generation.
[[0;32m  OK  [0m] Started LSB: VirtualBox Linux Additions.
         Starting Authenticate and Authorize Users to Run Privileged Tasks...
[[0;32m  OK  [0m] Started Authenticate and Authorize Users to Run Privileged Tasks.
[[0;32m  OK  [0m] Started Accounts Service.
[   38.970304] cloud-init[1085]:   en_US.UTF-8... done
[   38.986311] cloud-init[1085]: Generation complete.

Ubuntu 16.04.3 LTS ubuntu-xenial ttyS0

ubuntu-xenial login: [   42.592797] cloud-init[1085]: Cloud-init v. 0.7.9 running 'modules:config' at Tue, 29 Aug 2017 00:53:38 +0000. Up 34.35 seconds.
ci-info: no authorized ssh keys fingerprints found for user ubuntu.
<14>Aug 29 00:53:46 ec2: 
<14>Aug 29 00:53:46 ec2: #############################################################
<14>Aug 29 00:53:46 ec2: -----BEGIN SSH HOST KEY FINGERPRINTS-----
<14>Aug 29 00:53:46 ec2: 1024 SHA256:MoTkQUlmGNwV1fc/NGQoMqYNecC9I31kEJOfPY+CS+4 root@ubuntu-xenial (DSA)
<14>Aug 29 00:53:46 ec2: 256 SHA256:qvXLEm4/hm4+DBSbrojpt6BQk7JZxazk7Xjoz2Wk2Io root@ubuntu-xenial (ECDSA)
<14>Aug 29 00:53:46 ec2: 256 SHA256:YYjl8rk6bEPj2obSoxK/5sQZQaM3VStlFKB+Kzodj4Q root@ubuntu-xenial (ED25519)
<14>Aug 29 00:53:46 ec2: 2048 SHA256:l2eng5O0HUXVcRbRwrs5i9D1MjA4GEsIT9rrVnto9Mo root@ubuntu-xenial (RSA)
<14>Aug 29 00:53:46 ec2: -----END SSH HOST KEY FINGERPRINTS-----
<14>Aug 29 00:53:46 ec2: #############################################################
-----BEGIN SSH HOST KEY KEYS-----
ecdsa-sha2-nistp256 AAAAE2VjZHNhLXNoYTItbmlzdHAyNTYAAAAIbmlzdHAyNTYAAABBBO433vP1EAVEVBS4AIzy85w2xVy68qFsHv+igomHVLSUBbnGZMnzjh2TuhHe66QIvzqoC9+SWllYQsRldeVZqEU= root@ubuntu-xenial
ssh-ed25519 AAAAC3NzaC1lZDI1NTE5AAAAIINCZNgrihL6v706s9vqp4RcP7GFLDqrLt4ggDlRan3t root@ubuntu-xenial
ssh-rsa AAAAB3NzaC1yc2EAAAADAQABAAABAQDXCJv+Pd+sNNFe3LN0/RzPdxw4wpKLEdDWUeBu8opbzTW5Tne5lrZiXLH1O6rGoS1kFcLXWGKn5zTo8NTcVoSh8nDyfcCkduxgDhHZs1THGVr2eUAQFzRuYoVbebZVmvZiindJqWmVOjwLpBNyUFZF5EN3I17tFEZgJbkiwInff0X8dMz2QDjfUhRGnxFuwG5UtbiMMP98fUWlBdujv0HtTVRwjMkCjJhqcvmqC/ZNvyqEPQer0dofcO5QXc0xUyxxG/bDCMRx7sZZ4JbwH9LsqW5Rj86K4YAMSfrD0OuE7BTPfzMiLxG+KI9CikwVIPCKDHovQaz97WhXgweWTdYt root@ubuntu-xenial
-----END SSH HOST KEY KEYS-----
[   42.998675] cloud-init[1325]: Cloud-init v. 0.7.9 running 'modules:final' at Tue, 29 Aug 2017 00:53:46 +0000. Up 42.87 seconds.
[   42.998844] cloud-init[1325]: ci-info: no authorized ssh keys fingerprints found for user ubuntu.
[   42.998929] cloud-init[1325]: Cloud-init v. 0.7.9 finished at Tue, 29 Aug 2017 00:53:46 +0000. Datasource DataSourceNoCloud [seed=/dev/sdb][dsmode=net].  Up 42.99 seconds
